------------------------------------------------------------
Timing Analyzer Summary
------------------------------------------------------------

Type  : Slow 1200mV 85C Model Setup 'vga_clk'
Slack : 9.053
TNS   : 0.000

Type  : Slow 1200mV 85C Model Setup 'clk'
Slack : 13.418
TNS   : 0.000

Type  : Slow 1200mV 85C Model Setup 'altera_reserved_tck'
Slack : 42.448
TNS   : 0.000

Type  : Slow 1200mV 85C Model Setup 'system_clk'
Slack : 494.077
TNS   : 0.000

Type  : Slow 1200mV 85C Model Setup 'newline'
Slack : 63995.297
TNS   : 0.000

Type  : Slow 1200mV 85C Model Hold 'clk'
Slack : 0.208
TNS   : 0.000

Type  : Slow 1200mV 85C Model Hold 'altera_reserved_tck'
Slack : 0.341
TNS   : 0.000

Type  : Slow 1200mV 85C Model Hold 'system_clk'
Slack : 0.343
TNS   : 0.000

Type  : Slow 1200mV 85C Model Hold 'vga_clk'
Slack : 0.437
TNS   : 0.000

Type  : Slow 1200mV 85C Model Hold 'newline'
Slack : 0.888
TNS   : 0.000

Type  : Slow 1200mV 85C Model Recovery 'altera_reserved_tck'
Slack : 95.343
TNS   : 0.000

Type  : Slow 1200mV 85C Model Removal 'altera_reserved_tck'
Slack : 1.067
TNS   : 0.000

Type  : Slow 1200mV 85C Model Minimum Pulse Width 'clk'
Slack : 9.550
TNS   : 0.000

Type  : Slow 1200mV 85C Model Minimum Pulse Width 'vga_clk'
Slack : 19.623
TNS   : 0.000

Type  : Slow 1200mV 85C Model Minimum Pulse Width 'altera_reserved_tck'
Slack : 49.537
TNS   : 0.000

Type  : Slow 1200mV 85C Model Minimum Pulse Width 'system_clk'
Slack : 499.625
TNS   : 0.000

Type  : Slow 1200mV 85C Model Minimum Pulse Width 'newline'
Slack : 31999.747
TNS   : 0.000

Type  : Slow 1200mV 0C Model Setup 'vga_clk'
Slack : 9.885
TNS   : 0.000

Type  : Slow 1200mV 0C Model Setup 'clk'
Slack : 13.950
TNS   : 0.000

Type  : Slow 1200mV 0C Model Setup 'altera_reserved_tck'
Slack : 43.023
TNS   : 0.000

Type  : Slow 1200mV 0C Model Setup 'system_clk'
Slack : 494.498
TNS   : 0.000

Type  : Slow 1200mV 0C Model Setup 'newline'
Slack : 63995.621
TNS   : 0.000

Type  : Slow 1200mV 0C Model Hold 'clk'
Slack : 0.207
TNS   : 0.000

Type  : Slow 1200mV 0C Model Hold 'altera_reserved_tck'
Slack : 0.306
TNS   : 0.000

Type  : Slow 1200mV 0C Model Hold 'system_clk'
Slack : 0.307
TNS   : 0.000

Type  : Slow 1200mV 0C Model Hold 'vga_clk'
Slack : 0.401
TNS   : 0.000

Type  : Slow 1200mV 0C Model Hold 'newline'
Slack : 0.813
TNS   : 0.000

Type  : Slow 1200mV 0C Model Recovery 'altera_reserved_tck'
Slack : 95.775
TNS   : 0.000

Type  : Slow 1200mV 0C Model Removal 'altera_reserved_tck'
Slack : 0.988
TNS   : 0.000

Type  : Slow 1200mV 0C Model Minimum Pulse Width 'clk'
Slack : 9.575
TNS   : 0.000

Type  : Slow 1200mV 0C Model Minimum Pulse Width 'vga_clk'
Slack : 19.611
TNS   : 0.000

Type  : Slow 1200mV 0C Model Minimum Pulse Width 'altera_reserved_tck'
Slack : 49.550
TNS   : 0.000

Type  : Slow 1200mV 0C Model Minimum Pulse Width 'system_clk'
Slack : 499.610
TNS   : 0.000

Type  : Slow 1200mV 0C Model Minimum Pulse Width 'newline'
Slack : 31999.766
TNS   : 0.000

Type  : Fast 1200mV 0C Model Setup 'vga_clk'
Slack : 14.826
TNS   : 0.000

Type  : Fast 1200mV 0C Model Setup 'clk'
Slack : 16.738
TNS   : 0.000

Type  : Fast 1200mV 0C Model Setup 'altera_reserved_tck'
Slack : 46.881
TNS   : 0.000

Type  : Fast 1200mV 0C Model Setup 'system_clk'
Slack : 497.244
TNS   : 0.000

Type  : Fast 1200mV 0C Model Setup 'newline'
Slack : 63997.859
TNS   : 0.000

Type  : Fast 1200mV 0C Model Hold 'clk'
Slack : 0.068
TNS   : 0.000

Type  : Fast 1200mV 0C Model Hold 'altera_reserved_tck'
Slack : 0.148
TNS   : 0.000

Type  : Fast 1200mV 0C Model Hold 'system_clk'
Slack : 0.148
TNS   : 0.000

Type  : Fast 1200mV 0C Model Hold 'vga_clk'
Slack : 0.174
TNS   : 0.000

Type  : Fast 1200mV 0C Model Hold 'newline'
Slack : 0.368
TNS   : 0.000

Type  : Fast 1200mV 0C Model Recovery 'altera_reserved_tck'
Slack : 97.673
TNS   : 0.000

Type  : Fast 1200mV 0C Model Removal 'altera_reserved_tck'
Slack : 0.465
TNS   : 0.000

Type  : Fast 1200mV 0C Model Minimum Pulse Width 'clk'
Slack : 9.401
TNS   : 0.000

Type  : Fast 1200mV 0C Model Minimum Pulse Width 'vga_clk'
Slack : 19.699
TNS   : 0.000

Type  : Fast 1200mV 0C Model Minimum Pulse Width 'altera_reserved_tck'
Slack : 49.387
TNS   : 0.000

Type  : Fast 1200mV 0C Model Minimum Pulse Width 'system_clk'
Slack : 499.702
TNS   : 0.000

Type  : Fast 1200mV 0C Model Minimum Pulse Width 'newline'
Slack : 31999.718
TNS   : 0.000

------------------------------------------------------------
