------------------------------------------------------------
Timing Analyzer Summary
------------------------------------------------------------

Type  : Slow 1200mV 85C Model Setup 'video_sync_generator:vga|hsync:horizontal|newline_out'
Slack : -1.409
TNS   : -15.637

Type  : Slow 1200mV 85C Model Setup 'video_sync_generator:vga|PLL:clockdivider|pixelclk'
Slack : -1.285
TNS   : -16.318

Type  : Slow 1200mV 85C Model Setup 'clk'
Slack : -0.920
TNS   : -0.920

Type  : Slow 1200mV 85C Model Hold 'video_sync_generator:vga|hsync:horizontal|newline_out'
Slack : 0.435
TNS   : 0.000

Type  : Slow 1200mV 85C Model Hold 'video_sync_generator:vga|PLL:clockdivider|pixelclk'
Slack : 0.446
TNS   : 0.000

Type  : Slow 1200mV 85C Model Hold 'clk'
Slack : 0.740
TNS   : 0.000

Type  : Slow 1200mV 85C Model Minimum Pulse Width 'clk'
Slack : -3.000
TNS   : -4.403

Type  : Slow 1200mV 85C Model Minimum Pulse Width 'video_sync_generator:vga|PLL:clockdivider|pixelclk'
Slack : -1.403
TNS   : -21.045

Type  : Slow 1200mV 85C Model Minimum Pulse Width 'video_sync_generator:vga|hsync:horizontal|newline_out'
Slack : -1.403
TNS   : -16.836

Type  : Slow 1200mV 0C Model Setup 'video_sync_generator:vga|hsync:horizontal|newline_out'
Slack : -1.215
TNS   : -13.387

Type  : Slow 1200mV 0C Model Setup 'video_sync_generator:vga|PLL:clockdivider|pixelclk'
Slack : -1.067
TNS   : -13.773

Type  : Slow 1200mV 0C Model Setup 'clk'
Slack : -0.799
TNS   : -0.799

Type  : Slow 1200mV 0C Model Hold 'video_sync_generator:vga|hsync:horizontal|newline_out'
Slack : 0.400
TNS   : 0.000

Type  : Slow 1200mV 0C Model Hold 'video_sync_generator:vga|PLL:clockdivider|pixelclk'
Slack : 0.410
TNS   : 0.000

Type  : Slow 1200mV 0C Model Hold 'clk'
Slack : 0.654
TNS   : 0.000

Type  : Slow 1200mV 0C Model Minimum Pulse Width 'clk'
Slack : -3.000
TNS   : -4.403

Type  : Slow 1200mV 0C Model Minimum Pulse Width 'video_sync_generator:vga|PLL:clockdivider|pixelclk'
Slack : -1.403
TNS   : -21.045

Type  : Slow 1200mV 0C Model Minimum Pulse Width 'video_sync_generator:vga|hsync:horizontal|newline_out'
Slack : -1.403
TNS   : -16.836

Type  : Fast 1200mV 0C Model Setup 'clk'
Slack : -0.047
TNS   : -0.047

Type  : Fast 1200mV 0C Model Setup 'video_sync_generator:vga|hsync:horizontal|newline_out'
Slack : -0.006
TNS   : -0.060

Type  : Fast 1200mV 0C Model Setup 'video_sync_generator:vga|PLL:clockdivider|pixelclk'
Slack : 0.077
TNS   : 0.000

Type  : Fast 1200mV 0C Model Hold 'video_sync_generator:vga|hsync:horizontal|newline_out'
Slack : 0.174
TNS   : 0.000

Type  : Fast 1200mV 0C Model Hold 'video_sync_generator:vga|PLL:clockdivider|pixelclk'
Slack : 0.181
TNS   : 0.000

Type  : Fast 1200mV 0C Model Hold 'clk'
Slack : 0.219
TNS   : 0.000

Type  : Fast 1200mV 0C Model Minimum Pulse Width 'clk'
Slack : -3.000
TNS   : -4.010

Type  : Fast 1200mV 0C Model Minimum Pulse Width 'video_sync_generator:vga|PLL:clockdivider|pixelclk'
Slack : -1.000
TNS   : -15.000

Type  : Fast 1200mV 0C Model Minimum Pulse Width 'video_sync_generator:vga|hsync:horizontal|newline_out'
Slack : -1.000
TNS   : -12.000

------------------------------------------------------------
